═══════════════════════════════════════════════════════
  Rubo Arena - Game Test Report
  Generated: 2026-05-29T20:41:20.261Z
═══════════════════════════════════════════════════════

  URL: http://localhost:3001
  Duration: 114.7s
  Verdict: SOME TESTS FAILED

───────────────────────────────────────────────────────
  Phase Results
───────────────────────────────────────────────────────
  [PASS] Phase 1: Start Screen
  [PASS] Phase 2: Loading Phase
  [FAIL] Phase 3: Pre-Game
        - player_count_mismatch:50
  [PASS] Phase 4: Gameplay
  [PASS] Phase 5: Error Detection

───────────────────────────────────────────────────────
  Errors Found (1)
───────────────────────────────────────────────────────
  1. [2026-05-29T20:39:48.793Z] Player count is 50, expected 32

───────────────────────────────────────────────────────
  Screenshots (20)
───────────────────────────────────────────────────────
  p1_after_start_click: C:\Users\maksk\Desktop\rublox\test-results\screenshots\p1_after_start_click.png
  p1_after_2s: C:\Users\maksk\Desktop\rublox\test-results\screenshots\p1_after_2s.png
  p2_loading_at_3s: C:\Users\maksk\Desktop\rublox\test-results\screenshots\p2_loading_at_3s.png
  p2_loading_complete: C:\Users\maksk\Desktop\rublox\test-results\screenshots\p2_loading_complete.png
  p3_pre_game_hud: C:\Users\maksk\Desktop\rublox\test-results\screenshots\p3_pre_game_hud.png
  top_north: C:\Users\maksk\Desktop\rublox\test-results\screenshots\top_north.png
  top_east: C:\Users\maksk\Desktop\rublox\test-results\screenshots\top_east.png
  top_south: C:\Users\maksk\Desktop\rublox\test-results\screenshots\top_south.png
  top_west: C:\Users\maksk\Desktop\rublox\test-results\screenshots\top_west.png
  top_center_45: C:\Users\maksk\Desktop\rublox\test-results\screenshots\top_center_45.png
  interior_1: C:\Users\maksk\Desktop\rublox\test-results\screenshots\interior_1.png
  interior_2: C:\Users\maksk\Desktop\rublox\test-results\screenshots\interior_2.png
  interior_3: C:\Users\maksk\Desktop\rublox\test-results\screenshots\interior_3.png
  p4_gameplay_1s: C:\Users\maksk\Desktop\rublox\test-results\screenshots\p4_gameplay_1s.png
  p4_gameplay_2s: C:\Users\maksk\Desktop\rublox\test-results\screenshots\p4_gameplay_2s.png
  p4_gameplay_3s: C:\Users\maksk\Desktop\rublox\test-results\screenshots\p4_gameplay_3s.png
  p4_gameplay_4s: C:\Users\maksk\Desktop\rublox\test-results\screenshots\p4_gameplay_4s.png
  p4_gameplay_5s: C:\Users\maksk\Desktop\rublox\test-results\screenshots\p4_gameplay_5s.png
  p5_error_detection: C:\Users\maksk\Desktop\rublox\test-results\screenshots\p5_error_detection.png
  final_state: C:\Users\maksk\Desktop\rublox\test-results\screenshots\final_state.png

═══════════════════════════════════════════════════════